Component: ARM Compiler 5.06 update 1 (build 61) Tool: armlink [4d35a8]

==============================================================================

Section Cross References

    stm32f4_gpio.o(i.GpioInit) refers to stm32f4_gpio.o(i.SetMode) for SetMode
    stm32f4_gpio.o(i.GpioInit) refers to stm32f4_gpio.o(i.SetOType) for SetOType
    stm32f4_gpio.o(i.GpioInit) refers to stm32f4_gpio.o(i.SetSpeed) for SetSpeed
    stm32f4_gpio.o(i.GpioInit) refers to stm32f4_gpio.o(i.SetPullState) for SetPullState
    stm32f4_gpio.o(i.GpioInit) refers to stm32f4_gpio.o(i.SetAlternate) for SetAlternate
    stm32f4_spi.o(i.SPIMasterReceive) refers to stm32f4_spi.o(i.SPIEnable) for SPIEnable
    stm32f4_spi.o(i.SPIMasterReceive) refers to stm32f4_spi.o(i.SPITXIEnable) for SPITXIEnable
    stm32f4_spi.o(i.SPIMasterReceive) refers to stm32f4_spi.o(i.SPIRXIEnable) for SPIRXIEnable
    stm32f4_spi.o(i.SPIMasterTransmit) refers to stm32f4_spi.o(i.SPIEnable) for SPIEnable
    stm32f4_spi.o(i.SPIMasterTransmit) refers to stm32f4_spi.o(i.SPITXIEnable) for SPITXIEnable
    stm32f4_spi.o(i.SPIRxHandler) refers to stm32f4_spi.o(i.SPIRXIDisable) for SPIRXIDisable
    stm32f4_spi.o(i.SPISlaveReceive) refers to stm32f4_spi.o(i.SPIEnable) for SPIEnable
    stm32f4_spi.o(i.SPISlaveReceive) refers to stm32f4_spi.o(i.SPIRXIEnable) for SPIRXIEnable
    stm32f4_spi.o(i.SPISlaveTransmit) refers to stm32f4_spi.o(i.SPIEnable) for SPIEnable
    stm32f4_spi.o(i.SPISlaveTransmit) refers to stm32f4_spi.o(i.SPITXIEnable) for SPITXIEnable
    stm32f4_spi.o(i.SPISlaveTransmit) refers to stm32f4_spi.o(i.SPIRXIEnable) for SPIRXIEnable
    stm32f4_spi.o(i.SPITxHandler) refers to stm32f4_spi.o(i.SPITXIDisable) for SPITXIDisable
    stm32f4_spi.o(i.SPI_InterruptHandler) refers to stm32f4_spi.o(i.SPITxHandler) for SPITxHandler
    stm32f4_spi.o(i.SPI_InterruptHandler) refers to stm32f4_spi.o(i.SPIRxHandler) for SPIRxHandler
    stm32f4_spi.o(i.SPIinit) refers to stm32f4_spi.o(i.SPIConfigCommMode) for SPIConfigCommMode
    stm32f4_spi.o(i.SPIinit) refers to stm32f4_spi.o(i.SPIConfigClock) for SPIConfigClock
    stm32f4_spi.o(i.SPIinit) refers to stm32f4_spi.o(i.SPIConfigData) for SPIConfigData
    stm32f4_spi.o(i.SPIinit) refers to stm32f4_spi.o(i.SPIConfigBaud) for SPIConfigBaud
    stm32f4_spi.o(i.SPIinit) refers to stm32f4_spi.o(i.SPIConfigPosition) for SPIConfigPosition
    stm32f4_spi.o(i.SPIinit) refers to stm32f4_spi.o(i.SPICRCEnable) for SPICRCEnable
    stm32f4_spi.o(i.SPIinit) refers to stm32f4_spi.o(i.SPICRCDisable) for SPICRCDisable
    stm32f4_spi.o(i.SPIinit) refers to stm32f4_spi.o(i.SPIConfigSlaveManagement) for SPIConfigSlaveManagement
    spi_master.o(i.CommInit) refers to stm32f4_spi.o(i.SPIinit) for SPIinit
    spi_master.o(i.CommInit) refers to spi_master.o(.bss) for Tasker
    spi_master.o(i.EXTI0_IRQHandler) refers to stm32f4_gpio.o(i.ClearPendingInterrupt) for ClearPendingInterrupt
    spi_master.o(i.EXTI0_IRQHandler) refers to spi_master.o(.data) for check
    spi_master.o(i.PinInit) refers to stm32f4_gpio.o(i.GpioInit) for GpioInit
    spi_master.o(i.SPI1_IRQHandler) refers to stm32f4_spi.o(i.SPI_InterruptHandler) for SPI_InterruptHandler
    spi_master.o(i.SPI1_IRQHandler) refers to spi_master.o(.bss) for Tasker
    spi_master.o(i.SysTick_Handler) refers to spi_master.o(.data) for time
    spi_master.o(i.delay) refers to spi_master.o(.data) for time
    spi_master.o(i.ledInit) refers to stm32f4_gpio.o(i.GpioInit) for GpioInit
    spi_master.o(i.ledInit) refers to stm32f4_gpio.o(i.ConfigureGPIOInterrupt) for ConfigureGPIOInterrupt
    spi_master.o(i.ledInit) refers to stm32f4_gpio.o(i.EnableGPIOInterrupt) for EnableGPIOInterrupt
    spi_master.o(i.main) refers to spi_master.o(i.ledInit) for ledInit
    spi_master.o(i.main) refers to spi_master.o(i.PinInit) for PinInit
    spi_master.o(i.main) refers to spi_master.o(i.CommInit) for CommInit
    spi_master.o(i.main) refers to rt_memcpy_w.o(.text) for __aeabi_memcpy4
    spi_master.o(i.main) refers to spi_master.o(i.toggle) for toggle
    spi_master.o(i.main) refers to spi_master.o(i.delay) for delay
    spi_master.o(i.main) refers to stm32f4_gpio.o(i.GpioWritePin) for GpioWritePin
    spi_master.o(i.main) refers to stm32f4_spi.o(i.SPIMasterTransmit) for SPIMasterTransmit
    spi_master.o(i.main) refers to system_stm32f4xx.o(.data) for SystemCoreClock
    spi_master.o(i.main) refers to spi_master.o(.data) for check
    spi_master.o(i.main) refers to spi_master.o(.bss) for Tasker
    spi_master.o(i.toggle) refers to stm32f4_gpio.o(i.GpioReadPin) for GpioReadPin
    spi_master.o(i.toggle) refers to stm32f4_gpio.o(i.GpioWritePin) for GpioWritePin
    startup_stm32f429xx.o(STACK) refers (Special) to heapauxi.o(.text) for __use_two_region_memory
    startup_stm32f429xx.o(HEAP) refers (Special) to heapauxi.o(.text) for __use_two_region_memory
    startup_stm32f429xx.o(RESET) refers (Special) to heapauxi.o(.text) for __use_two_region_memory
    startup_stm32f429xx.o(RESET) refers to startup_stm32f429xx.o(STACK) for __initial_sp
    startup_stm32f429xx.o(RESET) refers to startup_stm32f429xx.o(.text) for Reset_Handler
    startup_stm32f429xx.o(RESET) refers to spi_master.o(i.SysTick_Handler) for SysTick_Handler
    startup_stm32f429xx.o(RESET) refers to spi_master.o(i.EXTI0_IRQHandler) for EXTI0_IRQHandler
    startup_stm32f429xx.o(RESET) refers to spi_master.o(i.SPI1_IRQHandler) for SPI1_IRQHandler
    startup_stm32f429xx.o(.text) refers (Special) to heapauxi.o(.text) for __use_two_region_memory
    startup_stm32f429xx.o(.text) refers to system_stm32f4xx.o(i.SystemInit) for SystemInit
    startup_stm32f429xx.o(.text) refers to __main.o(!!!main) for __main
    startup_stm32f429xx.o(.text) refers to startup_stm32f429xx.o(HEAP) for Heap_Mem
    startup_stm32f429xx.o(.text) refers to startup_stm32f429xx.o(STACK) for Stack_Mem
    system_stm32f4xx.o(i.SystemCoreClockUpdate) refers to system_stm32f4xx.o(.data) for SystemCoreClock
    system_stm32f4xx.o(i.SystemCoreClockUpdate) refers to system_stm32f4xx.o(.constdata) for AHBPrescTable
    __main.o(!!!main) refers to __rtentry.o(.ARM.Collect$$rtentry$$00000000) for __rt_entry
    __rtentry.o(.ARM.Collect$$rtentry$$00000000) refers (Special) to __rtentry2.o(.ARM.Collect$$rtentry$$0000000A) for __rt_entry_li
    __rtentry.o(.ARM.Collect$$rtentry$$00000000) refers (Special) to __rtentry2.o(.ARM.Collect$$rtentry$$0000000D) for __rt_entry_main
    __rtentry.o(.ARM.Collect$$rtentry$$00000000) refers (Special) to __rtentry2.o(.ARM.Collect$$rtentry$$0000000C) for __rt_entry_postli_1
    __rtentry.o(.ARM.Collect$$rtentry$$00000000) refers (Special) to __rtentry2.o(.ARM.Collect$$rtentry$$00000009) for __rt_entry_postsh_1
    __rtentry.o(.ARM.Collect$$rtentry$$00000000) refers (Special) to __rtentry2.o(.ARM.Collect$$rtentry$$00000002) for __rt_entry_presh_1
    __rtentry.o(.ARM.Collect$$rtentry$$00000000) refers (Special) to __rtentry4.o(.ARM.Collect$$rtentry$$00000004) for __rt_entry_sh
    __rtentry2.o(.ARM.Collect$$rtentry$$00000008) refers to boardinit2.o(.text) for _platform_post_stackheap_init
    __rtentry2.o(.ARM.Collect$$rtentry$$0000000A) refers to libinit.o(.ARM.Collect$$libinit$$00000000) for __rt_lib_init
    __rtentry2.o(.ARM.Collect$$rtentry$$0000000B) refers to boardinit3.o(.text) for _platform_post_lib_init
    __rtentry2.o(.ARM.Collect$$rtentry$$0000000D) refers to spi_master.o(i.main) for main
    __rtentry2.o(.ARM.Collect$$rtentry$$0000000D) refers to exit.o(.text) for exit
    __rtentry2.o(.ARM.exidx) refers to __rtentry2.o(.ARM.Collect$$rtentry$$00000001) for .ARM.Collect$$rtentry$$00000001
    __rtentry2.o(.ARM.exidx) refers to __rtentry2.o(.ARM.Collect$$rtentry$$00000008) for .ARM.Collect$$rtentry$$00000008
    __rtentry2.o(.ARM.exidx) refers to __rtentry2.o(.ARM.Collect$$rtentry$$0000000A) for .ARM.Collect$$rtentry$$0000000A
    __rtentry2.o(.ARM.exidx) refers to __rtentry2.o(.ARM.Collect$$rtentry$$0000000B) for .ARM.Collect$$rtentry$$0000000B
    __rtentry2.o(.ARM.exidx) refers to __rtentry2.o(.ARM.Collect$$rtentry$$0000000D) for .ARM.Collect$$rtentry$$0000000D
    __rtentry4.o(.ARM.Collect$$rtentry$$00000004) refers to sys_stackheap_outer.o(.text) for __user_setup_stackheap
    __rtentry4.o(.ARM.exidx) refers to __rtentry4.o(.ARM.Collect$$rtentry$$00000004) for .ARM.Collect$$rtentry$$00000004
    sys_stackheap_outer.o(.text) refers to libspace.o(.text) for __user_perproc_libspace
    sys_stackheap_outer.o(.text) refers to startup_stm32f429xx.o(.text) for __user_initial_stackheap
    exit.o(.text) refers to rtexit.o(.ARM.Collect$$rtexit$$00000000) for __rt_exit
    libinit.o(.ARM.Collect$$libinit$$00000000) refers (Special) to libinit2.o(.ARM.Collect$$libinit$$0000002E) for __rt_lib_init_alloca_1
    libinit.o(.ARM.Collect$$libinit$$00000000) refers (Special) to libinit2.o(.ARM.Collect$$libinit$$0000002C) for __rt_lib_init_argv_1
    libinit.o(.ARM.Collect$$libinit$$00000000) refers (Special) to libinit2.o(.ARM.Collect$$libinit$$0000001B) for __rt_lib_init_atexit_1
    libinit.o(.ARM.Collect$$libinit$$00000000) refers (Special) to libinit2.o(.ARM.Collect$$libinit$$00000021) for __rt_lib_init_clock_1
    libinit.o(.ARM.Collect$$libinit$$00000000) refers (Special) to libinit2.o(.ARM.Collect$$libinit$$00000032) for __rt_lib_init_cpp_1
    libinit.o(.ARM.Collect$$libinit$$00000000) refers (Special) to libinit2.o(.ARM.Collect$$libinit$$00000030) for __rt_lib_init_exceptions_1
    libinit.o(.ARM.Collect$$libinit$$00000000) refers (Special) to libinit2.o(.ARM.Collect$$libinit$$00000001) for __rt_lib_init_fp_1
    libinit.o(.ARM.Collect$$libinit$$00000000) refers (Special) to libinit2.o(.ARM.Collect$$libinit$$0000001F) for __rt_lib_init_fp_trap_1
    libinit.o(.ARM.Collect$$libinit$$00000000) refers (Special) to libinit2.o(.ARM.Collect$$libinit$$00000023) for __rt_lib_init_getenv_1
    libinit.o(.ARM.Collect$$libinit$$00000000) refers (Special) to libinit2.o(.ARM.Collect$$libinit$$0000000A) for __rt_lib_init_heap_1
    libinit.o(.ARM.Collect$$libinit$$00000000) refers (Special) to libinit2.o(.ARM.Collect$$libinit$$00000011) for __rt_lib_init_lc_collate_1
    libinit.o(.ARM.Collect$$libinit$$00000000) refers (Special) to libinit2.o(.ARM.Collect$$libinit$$00000013) for __rt_lib_init_lc_ctype_1
    libinit.o(.ARM.Collect$$libinit$$00000000) refers (Special) to libinit2.o(.ARM.Collect$$libinit$$00000015) for __rt_lib_init_lc_monetary_1
    libinit.o(.ARM.Collect$$libinit$$00000000) refers (Special) to libinit2.o(.ARM.Collect$$libinit$$00000017) for __rt_lib_init_lc_numeric_1
    libinit.o(.ARM.Collect$$libinit$$00000000) refers (Special) to libinit2.o(.ARM.Collect$$libinit$$00000019) for __rt_lib_init_lc_time_1
    libinit.o(.ARM.Collect$$libinit$$00000000) refers (Special) to libinit2.o(.ARM.Collect$$libinit$$00000004) for __rt_lib_init_preinit_1
    libinit.o(.ARM.Collect$$libinit$$00000000) refers (Special) to libinit2.o(.ARM.Collect$$libinit$$0000000E) for __rt_lib_init_rand_1
    libinit.o(.ARM.Collect$$libinit$$00000000) refers (Special) to libinit2.o(.ARM.Collect$$libinit$$00000033) for __rt_lib_init_return
    libinit.o(.ARM.Collect$$libinit$$00000000) refers (Special) to libinit2.o(.ARM.Collect$$libinit$$0000001D) for __rt_lib_init_signal_1
    libinit.o(.ARM.Collect$$libinit$$00000000) refers (Special) to libinit2.o(.ARM.Collect$$libinit$$00000025) for __rt_lib_init_stdio_1
    libinit.o(.ARM.Collect$$libinit$$00000000) refers (Special) to libinit2.o(.ARM.Collect$$libinit$$0000000C) for __rt_lib_init_user_alloc_1
    libspace.o(.text) refers to libspace.o(.bss) for __libspace_start
    rtexit.o(.ARM.Collect$$rtexit$$00000000) refers (Special) to rtexit2.o(.ARM.Collect$$rtexit$$00000004) for __rt_exit_exit
    rtexit.o(.ARM.Collect$$rtexit$$00000000) refers (Special) to rtexit2.o(.ARM.Collect$$rtexit$$00000003) for __rt_exit_ls
    rtexit.o(.ARM.Collect$$rtexit$$00000000) refers (Special) to rtexit2.o(.ARM.Collect$$rtexit$$00000002) for __rt_exit_prels_1
    rtexit.o(.ARM.exidx) refers (Special) to rtexit2.o(.ARM.Collect$$rtexit$$00000004) for __rt_exit_exit
    rtexit.o(.ARM.exidx) refers (Special) to rtexit2.o(.ARM.Collect$$rtexit$$00000003) for __rt_exit_ls
    rtexit.o(.ARM.exidx) refers (Special) to rtexit2.o(.ARM.Collect$$rtexit$$00000002) for __rt_exit_prels_1
    rtexit.o(.ARM.exidx) refers to rtexit.o(.ARM.Collect$$rtexit$$00000000) for .ARM.Collect$$rtexit$$00000000
    libinit2.o(.ARM.Collect$$libinit$$00000001) refers to fpinit.o(x$fpl$fpinit) for _fp_init
    libinit2.o(.ARM.Collect$$libinit$$00000010) refers to libinit2.o(.ARM.Collect$$libinit$$0000000F) for .ARM.Collect$$libinit$$0000000F
    libinit2.o(.ARM.Collect$$libinit$$00000012) refers to libinit2.o(.ARM.Collect$$libinit$$0000000F) for .ARM.Collect$$libinit$$0000000F
    libinit2.o(.ARM.Collect$$libinit$$00000014) refers to libinit2.o(.ARM.Collect$$libinit$$0000000F) for .ARM.Collect$$libinit$$0000000F
    libinit2.o(.ARM.Collect$$libinit$$00000016) refers to libinit2.o(.ARM.Collect$$libinit$$0000000F) for .ARM.Collect$$libinit$$0000000F
    libinit2.o(.ARM.Collect$$libinit$$00000018) refers to libinit2.o(.ARM.Collect$$libinit$$0000000F) for .ARM.Collect$$libinit$$0000000F
    libinit2.o(.ARM.Collect$$libinit$$00000026) refers to argv_veneer.o(.emb_text) for __ARM_argv_veneer
    libinit2.o(.ARM.Collect$$libinit$$00000027) refers to argv_veneer.o(.emb_text) for __ARM_argv_veneer
    rtexit2.o(.ARM.Collect$$rtexit$$00000003) refers to libshutdown.o(.ARM.Collect$$libshutdown$$00000000) for __rt_lib_shutdown
    rtexit2.o(.ARM.Collect$$rtexit$$00000004) refers to sys_exit.o(.text) for _sys_exit
    rtexit2.o(.ARM.exidx) refers to rtexit2.o(.ARM.Collect$$rtexit$$00000001) for .ARM.Collect$$rtexit$$00000001
    rtexit2.o(.ARM.exidx) refers to rtexit2.o(.ARM.Collect$$rtexit$$00000003) for .ARM.Collect$$rtexit$$00000003
    rtexit2.o(.ARM.exidx) refers to rtexit2.o(.ARM.Collect$$rtexit$$00000004) for .ARM.Collect$$rtexit$$00000004
    argv_veneer.o(.emb_text) refers to no_argv.o(.text) for __ARM_get_argv
    sys_exit.o(.text) refers (Special) to use_no_semi.o(.text) for __I$use$semihosting
    sys_exit.o(.text) refers (Special) to indicate_semi.o(.text) for __semihosting_library_function
    _get_argv_nomalloc.o(.text) refers (Special) to hrguard.o(.text) for __heap_region$guard
    _get_argv_nomalloc.o(.text) refers to defsig_rtmem_outer.o(.text) for __rt_SIGRTMEM
    _get_argv_nomalloc.o(.text) refers to sys_command.o(.text) for _sys_command_string
    libshutdown.o(.ARM.Collect$$libshutdown$$00000000) refers (Special) to libshutdown2.o(.ARM.Collect$$libshutdown$$00000002) for __rt_lib_shutdown_cpp_1
    libshutdown.o(.ARM.Collect$$libshutdown$$00000000) refers (Special) to libshutdown2.o(.ARM.Collect$$libshutdown$$00000007) for __rt_lib_shutdown_fp_trap_1
    libshutdown.o(.ARM.Collect$$libshutdown$$00000000) refers (Special) to libshutdown2.o(.ARM.Collect$$libshutdown$$0000000F) for __rt_lib_shutdown_heap_1
    libshutdown.o(.ARM.Collect$$libshutdown$$00000000) refers (Special) to libshutdown2.o(.ARM.Collect$$libshutdown$$00000010) for __rt_lib_shutdown_return
    libshutdown.o(.ARM.Collect$$libshutdown$$00000000) refers (Special) to libshutdown2.o(.ARM.Collect$$libshutdown$$0000000A) for __rt_lib_shutdown_signal_1
    libshutdown.o(.ARM.Collect$$libshutdown$$00000000) refers (Special) to libshutdown2.o(.ARM.Collect$$libshutdown$$00000004) for __rt_lib_shutdown_stdio_1
    libshutdown.o(.ARM.Collect$$libshutdown$$00000000) refers (Special) to libshutdown2.o(.ARM.Collect$$libshutdown$$0000000C) for __rt_lib_shutdown_user_alloc_1
    sys_command.o(.text) refers (Special) to use_no_semi.o(.text) for __I$use$semihosting
    sys_command.o(.text) refers (Special) to indicate_semi.o(.text) for __semihosting_library_function
    defsig_rtmem_outer.o(.text) refers to defsig_rtmem_inner.o(.text) for __rt_SIGRTMEM_inner
    defsig_rtmem_outer.o(.text) refers to defsig_exit.o(.text) for __sig_exit
    defsig_rtmem_formal.o(.text) refers to rt_raise.o(.text) for __rt_raise
    rt_raise.o(.text) refers to __raise.o(.text) for __raise
    rt_raise.o(.text) refers to sys_exit.o(.text) for _sys_exit
    defsig_exit.o(.text) refers to sys_exit.o(.text) for _sys_exit
    defsig_rtmem_inner.o(.text) refers to defsig_general.o(.text) for __default_signal_display
    __raise.o(.text) refers to defsig.o(CL$$defsig) for __default_signal_handler
    defsig_general.o(.text) refers to sys_wrch.o(.text) for _ttywrch
    sys_wrch.o(.text) refers (Special) to use_no_semi.o(.text) for __I$use$semihosting
    sys_wrch.o(.text) refers (Special) to indicate_semi.o(.text) for __semihosting_library_function
    defsig.o(CL$$defsig) refers to defsig_rtmem_inner.o(.text) for __rt_SIGRTMEM_inner
    defsig_abrt_inner.o(.text) refers to defsig_general.o(.text) for __default_signal_display
    defsig_fpe_inner.o(.text) refers to defsig_general.o(.text) for __default_signal_display
    defsig_rtred_inner.o(.text) refers to defsig_general.o(.text) for __default_signal_display
    defsig_stak_inner.o(.text) refers to defsig_general.o(.text) for __default_signal_display
    defsig_pvfn_inner.o(.text) refers to defsig_general.o(.text) for __default_signal_display
    defsig_cppl_inner.o(.text) refers to defsig_general.o(.text) for __default_signal_display
    defsig_segv_inner.o(.text) refers to defsig_general.o(.text) for __default_signal_display
    defsig_other.o(.text) refers to defsig_general.o(.text) for __default_signal_display


==============================================================================

Removing Unused input sections from the image.

    Removing stm32f4_gpio.o(.rev16_text), (4 bytes).
    Removing stm32f4_gpio.o(.revsh_text), (4 bytes).
    Removing stm32f4_gpio.o(.rrx_text), (6 bytes).
    Removing stm32f4_spi.o(.rev16_text), (4 bytes).
    Removing stm32f4_spi.o(.revsh_text), (4 bytes).
    Removing stm32f4_spi.o(.rrx_text), (6 bytes).
    Removing stm32f4_spi.o(i.SPIMasterReceive), (52 bytes).
    Removing stm32f4_spi.o(i.SPIRXIEnable), (10 bytes).
    Removing stm32f4_spi.o(i.SPISlaveReceive), (32 bytes).
    Removing stm32f4_spi.o(i.SPISlaveTransmit), (44 bytes).
    Removing spi_master.o(.rev16_text), (4 bytes).
    Removing spi_master.o(.revsh_text), (4 bytes).
    Removing spi_master.o(.rrx_text), (6 bytes).
    Removing system_stm32f4xx.o(.rev16_text), (4 bytes).
    Removing system_stm32f4xx.o(.revsh_text), (4 bytes).
    Removing system_stm32f4xx.o(.rrx_text), (6 bytes).
    Removing system_stm32f4xx.o(i.SystemCoreClockUpdate), (192 bytes).
    Removing system_stm32f4xx.o(.constdata), (24 bytes).

18 unused section(s) (total 410 bytes) removed from the image.

==============================================================================

Image Symbol Table

    Local Symbols

    Symbol Name                              Value     Ov Type        Size  Object(Section)

    ../clib/angel/boardlib.s                 0x00000000   Number         0  boardshut.o ABSOLUTE
    ../clib/angel/boardlib.s                 0x00000000   Number         0  boardinit1.o ABSOLUTE
    ../clib/angel/boardlib.s                 0x00000000   Number         0  boardinit2.o ABSOLUTE
    ../clib/angel/boardlib.s                 0x00000000   Number         0  boardinit3.o ABSOLUTE
    ../clib/angel/handlers.s                 0x00000000   Number         0  __scatter_zi.o ABSOLUTE
    ../clib/angel/handlers.s                 0x00000000   Number         0  __scatter_copy.o ABSOLUTE
    ../clib/angel/kernel.s                   0x00000000   Number         0  __rtentry4.o ABSOLUTE
    ../clib/angel/kernel.s                   0x00000000   Number         0  rtexit2.o ABSOLUTE
    ../clib/angel/kernel.s                   0x00000000   Number         0  rtexit.o ABSOLUTE
    ../clib/angel/kernel.s                   0x00000000   Number         0  __rtentry2.o ABSOLUTE
    ../clib/angel/kernel.s                   0x00000000   Number         0  __rtentry.o ABSOLUTE
    ../clib/angel/rt.s                       0x00000000   Number         0  rt_raise.o ABSOLUTE
    ../clib/angel/scatter.s                  0x00000000   Number         0  __scatter.o ABSOLUTE
    ../clib/angel/startup.s                  0x00000000   Number         0  __main.o ABSOLUTE
    ../clib/angel/sys.s                      0x00000000   Number         0  sys_stackheap_outer.o ABSOLUTE
    ../clib/angel/sys.s                      0x00000000   Number         0  libspace.o ABSOLUTE
    ../clib/angel/sys.s                      0x00000000   Number         0  indicate_semi.o ABSOLUTE
    ../clib/angel/sys.s                      0x00000000   Number         0  use_no_semi.o ABSOLUTE
    ../clib/angel/sysapp.c                   0x00000000   Number         0  sys_exit.o ABSOLUTE
    ../clib/angel/sysapp.c                   0x00000000   Number         0  sys_wrch.o ABSOLUTE
    ../clib/angel/sysapp.c                   0x00000000   Number         0  sys_command.o ABSOLUTE
    ../clib/armsys.c                         0x00000000   Number         0  _get_argv_nomalloc.o ABSOLUTE
    ../clib/armsys.c                         0x00000000   Number         0  argv_veneer.o ABSOLUTE
    ../clib/armsys.c                         0x00000000   Number         0  argv_veneer.o ABSOLUTE
    ../clib/armsys.c                         0x00000000   Number         0  no_argv.o ABSOLUTE
    ../clib/heapalloc.c                      0x00000000   Number         0  hrguard.o ABSOLUTE
    ../clib/heapaux.c                        0x00000000   Number         0  heapauxi.o ABSOLUTE
    ../clib/libinit.s                        0x00000000   Number         0  libinit2.o ABSOLUTE
    ../clib/libinit.s                        0x00000000   Number         0  libinit.o ABSOLUTE
    ../clib/libinit.s                        0x00000000   Number         0  libshutdown2.o ABSOLUTE
    ../clib/libinit.s                        0x00000000   Number         0  libshutdown.o ABSOLUTE
    ../clib/memcpset.s                       0x00000000   Number         0  rt_memcpy_w.o ABSOLUTE
    ../clib/signal.c                         0x00000000   Number         0  defsig_cppl_inner.o ABSOLUTE
    ../clib/signal.c                         0x00000000   Number         0  defsig_stak_inner.o ABSOLUTE
    ../clib/signal.c                         0x00000000   Number         0  defsig_rtred_inner.o ABSOLUTE
    ../clib/signal.c                         0x00000000   Number         0  defsig_fpe_inner.o ABSOLUTE
    ../clib/signal.c                         0x00000000   Number         0  defsig_abrt_inner.o ABSOLUTE
    ../clib/signal.c                         0x00000000   Number         0  defsig_segv_inner.o ABSOLUTE
    ../clib/signal.c                         0x00000000   Number         0  defsig_general.o ABSOLUTE
    ../clib/signal.c                         0x00000000   Number         0  __raise.o ABSOLUTE
    ../clib/signal.c                         0x00000000   Number         0  defsig_rtmem_inner.o ABSOLUTE
    ../clib/signal.c                         0x00000000   Number         0  defsig_exit.o ABSOLUTE
    ../clib/signal.c                         0x00000000   Number         0  defsig_other.o ABSOLUTE
    ../clib/signal.c                         0x00000000   Number         0  defsig_rtmem_formal.o ABSOLUTE
    ../clib/signal.c                         0x00000000   Number         0  defsig_rtmem_outer.o ABSOLUTE
    ../clib/signal.c                         0x00000000   Number         0  defsig_pvfn_inner.o ABSOLUTE
    ../clib/signal.s                         0x00000000   Number         0  defsig.o ABSOLUTE
    ../clib/stdlib.c                         0x00000000   Number         0  exit.o ABSOLUTE
    ../fplib/fpinit.s                        0x00000000   Number         0  fpinit.o ABSOLUTE
    ..\Application.User\Spi_master.c         0x00000000   Number         0  spi_master.o ABSOLUTE
    ..\STM32F4 Peripherals\Src\STM32F4_GPIO.c 0x00000000   Number         0  stm32f4_gpio.o ABSOLUTE
    ..\STM32F4 Peripherals\Src\STM32F4_SPI.c 0x00000000   Number         0  stm32f4_spi.o ABSOLUTE
    ..\\Application.User\\Spi_master.c       0x00000000   Number         0  spi_master.o ABSOLUTE
    ..\\STM32F4 Peripherals\\Src\\STM32F4_GPIO.c 0x00000000   Number         0  stm32f4_gpio.o ABSOLUTE
    ..\\STM32F4 Peripherals\\Src\\STM32F4_SPI.c 0x00000000   Number         0  stm32f4_spi.o ABSOLUTE
    RTE\Device\STM32F429ZITx\startup_stm32f429xx.s 0x00000000   Number         0  startup_stm32f429xx.o ABSOLUTE
    RTE\Device\STM32F429ZITx\system_stm32f4xx.c 0x00000000   Number         0  system_stm32f4xx.o ABSOLUTE
    RTE\\Device\\STM32F429ZITx\\system_stm32f4xx.c 0x00000000   Number         0  system_stm32f4xx.o ABSOLUTE
    dc.s                                     0x00000000   Number         0  dc.o ABSOLUTE
    RESET                                    0x08000000   Section      428  startup_stm32f429xx.o(RESET)
    !!!main                                  0x080001ac   Section        8  __main.o(!!!main)
    !!!scatter                               0x080001b4   Section       52  __scatter.o(!!!scatter)
    !!handler_copy                           0x080001e8   Section       26  __scatter_copy.o(!!handler_copy)
    !!handler_zi                             0x08000204   Section       28  __scatter_zi.o(!!handler_zi)
    .ARM.Collect$$libinit$$00000000          0x08000220   Section        2  libinit.o(.ARM.Collect$$libinit$$00000000)
    .ARM.Collect$$libinit$$00000001          0x08000222   Section        4  libinit2.o(.ARM.Collect$$libinit$$00000001)
    .ARM.Collect$$libinit$$00000004          0x08000226   Section        0  libinit2.o(.ARM.Collect$$libinit$$00000004)
    .ARM.Collect$$libinit$$0000000A          0x08000226   Section        0  libinit2.o(.ARM.Collect$$libinit$$0000000A)
    .ARM.Collect$$libinit$$0000000C          0x08000226   Section        0  libinit2.o(.ARM.Collect$$libinit$$0000000C)
    .ARM.Collect$$libinit$$0000000E          0x08000226   Section        0  libinit2.o(.ARM.Collect$$libinit$$0000000E)
    .ARM.Collect$$libinit$$00000011          0x08000226   Section        0  libinit2.o(.ARM.Collect$$libinit$$00000011)
    .ARM.Collect$$libinit$$00000013          0x08000226   Section        0  libinit2.o(.ARM.Collect$$libinit$$00000013)
    .ARM.Collect$$libinit$$00000015          0x08000226   Section        0  libinit2.o(.ARM.Collect$$libinit$$00000015)
    .ARM.Collect$$libinit$$00000017          0x08000226   Section        0  libinit2.o(.ARM.Collect$$libinit$$00000017)
    .ARM.Collect$$libinit$$00000019          0x08000226   Section        0  libinit2.o(.ARM.Collect$$libinit$$00000019)
    .ARM.Collect$$libinit$$0000001B          0x08000226   Section        0  libinit2.o(.ARM.Collect$$libinit$$0000001B)
    .ARM.Collect$$libinit$$0000001D          0x08000226   Section        0  libinit2.o(.ARM.Collect$$libinit$$0000001D)
    .ARM.Collect$$libinit$$0000001F          0x08000226   Section        0  libinit2.o(.ARM.Collect$$libinit$$0000001F)
    .ARM.Collect$$libinit$$00000021          0x08000226   Section        0  libinit2.o(.ARM.Collect$$libinit$$00000021)
    .ARM.Collect$$libinit$$00000023          0x08000226   Section        0  libinit2.o(.ARM.Collect$$libinit$$00000023)
    .ARM.Collect$$libinit$$00000025          0x08000226   Section        0  libinit2.o(.ARM.Collect$$libinit$$00000025)
    .ARM.Collect$$libinit$$0000002C          0x08000226   Section        0  libinit2.o(.ARM.Collect$$libinit$$0000002C)
    .ARM.Collect$$libinit$$0000002E          0x08000226   Section        0  libinit2.o(.ARM.Collect$$libinit$$0000002E)
    .ARM.Collect$$libinit$$00000030          0x08000226   Section        0  libinit2.o(.ARM.Collect$$libinit$$00000030)
    .ARM.Collect$$libinit$$00000032          0x08000226   Section        0  libinit2.o(.ARM.Collect$$libinit$$00000032)
    .ARM.Collect$$libinit$$00000033          0x08000226   Section        2  libinit2.o(.ARM.Collect$$libinit$$00000033)
    .ARM.Collect$$libshutdown$$00000000      0x08000228   Section        2  libshutdown.o(.ARM.Collect$$libshutdown$$00000000)
    .ARM.Collect$$libshutdown$$00000002      0x0800022a   Section        0  libshutdown2.o(.ARM.Collect$$libshutdown$$00000002)
    .ARM.Collect$$libshutdown$$00000004      0x0800022a   Section        0  libshutdown2.o(.ARM.Collect$$libshutdown$$00000004)
    .ARM.Collect$$libshutdown$$00000007      0x0800022a   Section        0  libshutdown2.o(.ARM.Collect$$libshutdown$$00000007)
    .ARM.Collect$$libshutdown$$0000000A      0x0800022a   Section        0  libshutdown2.o(.ARM.Collect$$libshutdown$$0000000A)
    .ARM.Collect$$libshutdown$$0000000C      0x0800022a   Section        0  libshutdown2.o(.ARM.Collect$$libshutdown$$0000000C)
    .ARM.Collect$$libshutdown$$0000000F      0x0800022a   Section        0  libshutdown2.o(.ARM.Collect$$libshutdown$$0000000F)
    .ARM.Collect$$libshutdown$$00000010      0x0800022a   Section        2  libshutdown2.o(.ARM.Collect$$libshutdown$$00000010)
    .ARM.Collect$$rtentry$$00000000          0x0800022c   Section        0  __rtentry.o(.ARM.Collect$$rtentry$$00000000)
    .ARM.Collect$$rtentry$$00000002          0x0800022c   Section        0  __rtentry2.o(.ARM.Collect$$rtentry$$00000002)
    .ARM.Collect$$rtentry$$00000004          0x0800022c   Section        6  __rtentry4.o(.ARM.Collect$$rtentry$$00000004)
    .ARM.Collect$$rtentry$$00000009          0x08000232   Section        0  __rtentry2.o(.ARM.Collect$$rtentry$$00000009)
    .ARM.Collect$$rtentry$$0000000A          0x08000232   Section        4  __rtentry2.o(.ARM.Collect$$rtentry$$0000000A)
    .ARM.Collect$$rtentry$$0000000C          0x08000236   Section        0  __rtentry2.o(.ARM.Collect$$rtentry$$0000000C)
    .ARM.Collect$$rtentry$$0000000D          0x08000236   Section        8  __rtentry2.o(.ARM.Collect$$rtentry$$0000000D)
    .ARM.Collect$$rtexit$$00000000           0x0800023e   Section        2  rtexit.o(.ARM.Collect$$rtexit$$00000000)
    .ARM.Collect$$rtexit$$00000002           0x08000240   Section        0  rtexit2.o(.ARM.Collect$$rtexit$$00000002)
    .ARM.Collect$$rtexit$$00000003           0x08000240   Section        4  rtexit2.o(.ARM.Collect$$rtexit$$00000003)
    .ARM.Collect$$rtexit$$00000004           0x08000244   Section        6  rtexit2.o(.ARM.Collect$$rtexit$$00000004)
    .text                                    0x0800024c   Section       64  startup_stm32f429xx.o(.text)
    $v0                                      0x0800024c   Number         0  startup_stm32f429xx.o(.text)
    .text                                    0x0800028c   Section      100  rt_memcpy_w.o(.text)
    .text                                    0x080002f0   Section        0  heapauxi.o(.text)
    .text                                    0x080002f6   Section       74  sys_stackheap_outer.o(.text)
    .text                                    0x08000340   Section        0  exit.o(.text)
    .text                                    0x08000354   Section        8  libspace.o(.text)
    .text                                    0x0800035c   Section        0  sys_exit.o(.text)
    .text                                    0x08000368   Section        2  use_no_semi.o(.text)
    .text                                    0x0800036a   Section        0  indicate_semi.o(.text)
    i.ClearPendingInterrupt                  0x0800036c   Section        0  stm32f4_gpio.o(i.ClearPendingInterrupt)
    i.CommInit                               0x0800038c   Section        0  spi_master.o(i.CommInit)
    i.ConfigureGPIOInterrupt                 0x080003f4   Section        0  stm32f4_gpio.o(i.ConfigureGPIOInterrupt)
    i.EXTI0_IRQHandler                       0x08000454   Section        0  spi_master.o(i.EXTI0_IRQHandler)
    i.EnableGPIOInterrupt                    0x08000468   Section        0  stm32f4_gpio.o(i.EnableGPIOInterrupt)
    i.GpioInit                               0x08000494   Section        0  stm32f4_gpio.o(i.GpioInit)
    i.GpioReadPin                            0x080004ce   Section        0  stm32f4_gpio.o(i.GpioReadPin)
    i.GpioWritePin                           0x080004da   Section        0  stm32f4_gpio.o(i.GpioWritePin)
    i.PinInit                                0x080004f8   Section        0  spi_master.o(i.PinInit)
    i.SPI1_IRQHandler                        0x08000554   Section        0  spi_master.o(i.SPI1_IRQHandler)
    i.SPICRCDisable                          0x08000564   Section        0  stm32f4_spi.o(i.SPICRCDisable)
    SPICRCDisable                            0x08000565   Thumb Code    10  stm32f4_spi.o(i.SPICRCDisable)
    i.SPICRCEnable                           0x0800056e   Section        0  stm32f4_spi.o(i.SPICRCEnable)
    SPICRCEnable                             0x0800056f   Thumb Code    10  stm32f4_spi.o(i.SPICRCEnable)
    i.SPIConfigBaud                          0x08000578   Section        0  stm32f4_spi.o(i.SPIConfigBaud)
    SPIConfigBaud                            0x08000579   Thumb Code    16  stm32f4_spi.o(i.SPIConfigBaud)
    i.SPIConfigClock                         0x08000588   Section        0  stm32f4_spi.o(i.SPIConfigClock)
    SPIConfigClock                           0x08000589   Thumb Code    38  stm32f4_spi.o(i.SPIConfigClock)
    i.SPIConfigCommMode                      0x080005ae   Section        0  stm32f4_spi.o(i.SPIConfigCommMode)
    SPIConfigCommMode                        0x080005af   Thumb Code    22  stm32f4_spi.o(i.SPIConfigCommMode)
    i.SPIConfigData                          0x080005c4   Section        0  stm32f4_spi.o(i.SPIConfigData)
    SPIConfigData                            0x080005c5   Thumb Code    40  stm32f4_spi.o(i.SPIConfigData)
    i.SPIConfigPosition                      0x080005ec   Section        0  stm32f4_spi.o(i.SPIConfigPosition)
    SPIConfigPosition                        0x080005ed   Thumb Code     8  stm32f4_spi.o(i.SPIConfigPosition)
    i.SPIConfigSlaveManagement               0x080005f4   Section        0  stm32f4_spi.o(i.SPIConfigSlaveManagement)
    SPIConfigSlaveManagement                 0x080005f5   Thumb Code    28  stm32f4_spi.o(i.SPIConfigSlaveManagement)
    i.SPIEnable                              0x08000610   Section        0  stm32f4_spi.o(i.SPIEnable)
    SPIEnable                                0x08000611   Thumb Code    10  stm32f4_spi.o(i.SPIEnable)
    i.SPIMasterTransmit                      0x0800061a   Section        0  stm32f4_spi.o(i.SPIMasterTransmit)
    i.SPIRXIDisable                          0x0800063a   Section        0  stm32f4_spi.o(i.SPIRXIDisable)
    SPIRXIDisable                            0x0800063b   Thumb Code    10  stm32f4_spi.o(i.SPIRXIDisable)
    i.SPIRxHandler                           0x08000644   Section        0  stm32f4_spi.o(i.SPIRxHandler)
    SPIRxHandler                             0x08000645   Thumb Code    84  stm32f4_spi.o(i.SPIRxHandler)
    i.SPITXIDisable                          0x08000698   Section        0  stm32f4_spi.o(i.SPITXIDisable)
    SPITXIDisable                            0x08000699   Thumb Code    10  stm32f4_spi.o(i.SPITXIDisable)
    i.SPITXIEnable                           0x080006a2   Section        0  stm32f4_spi.o(i.SPITXIEnable)
    SPITXIEnable                             0x080006a3   Thumb Code    10  stm32f4_spi.o(i.SPITXIEnable)
    i.SPITxHandler                           0x080006ac   Section        0  stm32f4_spi.o(i.SPITxHandler)
    SPITxHandler                             0x080006ad   Thumb Code    86  stm32f4_spi.o(i.SPITxHandler)
    i.SPI_InterruptHandler                   0x08000702   Section        0  stm32f4_spi.o(i.SPI_InterruptHandler)
    i.SPIinit                                0x0800073a   Section        0  stm32f4_spi.o(i.SPIinit)
    i.SetAlternate                           0x080007c6   Section        0  stm32f4_gpio.o(i.SetAlternate)
    SetAlternate                             0x080007c7   Thumb Code    38  stm32f4_gpio.o(i.SetAlternate)
    i.SetMode                                0x080007ec   Section        0  stm32f4_gpio.o(i.SetMode)
    SetMode                                  0x080007ed   Thumb Code    16  stm32f4_gpio.o(i.SetMode)
    i.SetOType                               0x080007fc   Section        0  stm32f4_gpio.o(i.SetOType)
    SetOType                                 0x080007fd   Thumb Code    14  stm32f4_gpio.o(i.SetOType)
    i.SetPullState                           0x0800080a   Section        0  stm32f4_gpio.o(i.SetPullState)
    SetPullState                             0x0800080b   Thumb Code    16  stm32f4_gpio.o(i.SetPullState)
    i.SetSpeed                               0x0800081a   Section        0  stm32f4_gpio.o(i.SetSpeed)
    SetSpeed                                 0x0800081b   Thumb Code    16  stm32f4_gpio.o(i.SetSpeed)
    i.SysTick_Handler                        0x0800082c   Section        0  spi_master.o(i.SysTick_Handler)
    i.SystemInit                             0x0800083c   Section        0  system_stm32f4xx.o(i.SystemInit)
    i.delay                                  0x080008a0   Section        0  spi_master.o(i.delay)
    i.ledInit                                0x080008b8   Section        0  spi_master.o(i.ledInit)
    i.main                                   0x0800092c   Section        0  spi_master.o(i.main)
    i.toggle                                 0x08000a80   Section        0  spi_master.o(i.toggle)
    x$fpl$fpinit                             0x08000ab8   Section       10  fpinit.o(x$fpl$fpinit)
    $v0                                      0x08000ab8   Number         0  fpinit.o(x$fpl$fpinit)
    .data                                    0x20000000   Section        8  spi_master.o(.data)
    .data                                    0x20000008   Section        4  system_stm32f4xx.o(.data)
    .bss                                     0x2000000c   Section       32  spi_master.o(.bss)
    .bss                                     0x2000002c   Section       96  libspace.o(.bss)
    HEAP                                     0x20000090   Section      512  startup_stm32f429xx.o(HEAP)
    Heap_Mem                                 0x20000090   Data         512  startup_stm32f429xx.o(HEAP)
    STACK                                    0x20000290   Section     1024  startup_stm32f429xx.o(STACK)
    Stack_Mem                                0x20000290   Data        1024  startup_stm32f429xx.o(STACK)
    __initial_sp                             0x20000690   Data           0  startup_stm32f429xx.o(STACK)

    Global Symbols

    Symbol Name                              Value     Ov Type        Size  Object(Section)

    BuildAttributes$$THM_ISAv4$E$P$D$K$B$S$7EM$VFPi3$EXTD16$VFPS$VFMA$PE$A:L22UL41UL21$X:L11$S22US41US21$IEEE1$IW$USESV6$~STKCKD$USESV7$~SHL$OSPACE$ROPI$EBA8$UX$STANDARDLIB$REQ8$PRES8$EABIv2 0x00000000   Number         0  anon$$obj.o ABSOLUTE
    __ARM_use_no_argv                        0x00000000   Number         0  spi_master.o ABSOLUTE
    __ARM_exceptions_init                     - Undefined Weak Reference
    __alloca_initialize                       - Undefined Weak Reference
    __arm_preinit_                            - Undefined Weak Reference
    __cpp_initialize__aeabi_                  - Undefined Weak Reference
    __cxa_finalize                            - Undefined Weak Reference
    __rt_locale                               - Undefined Weak Reference
    __sigvec_lookup                           - Undefined Weak Reference
    _atexit_init                              - Undefined Weak Reference
    _call_atexit_fns                          - Undefined Weak Reference
    _clock_init                               - Undefined Weak Reference
    _fp_trap_init                             - Undefined Weak Reference
    _fp_trap_shutdown                         - Undefined Weak Reference
    _get_lc_collate                           - Undefined Weak Reference
    _get_lc_ctype                             - Undefined Weak Reference
    _get_lc_monetary                          - Undefined Weak Reference
    _get_lc_numeric                           - Undefined Weak Reference
    _get_lc_time                              - Undefined Weak Reference
    _getenv_init                              - Undefined Weak Reference
    _handle_redirection                       - Undefined Weak Reference
    _init_alloc                               - Undefined Weak Reference
    _init_user_alloc                          - Undefined Weak Reference
    _initio                                   - Undefined Weak Reference
    _rand_init                                - Undefined Weak Reference
    _signal_finish                            - Undefined Weak Reference
    _signal_init                              - Undefined Weak Reference
    _terminate_alloc                          - Undefined Weak Reference
    _terminate_user_alloc                     - Undefined Weak Reference
    _terminateio                              - Undefined Weak Reference
    __Vectors_Size                           0x000001ac   Number         0  startup_stm32f429xx.o ABSOLUTE
    __Vectors                                0x08000000   Data           4  startup_stm32f429xx.o(RESET)
    __Vectors_End                            0x080001ac   Data           0  startup_stm32f429xx.o(RESET)
    __main                                   0x080001ad   Thumb Code     8  __main.o(!!!main)
    __scatterload                            0x080001b5   Thumb Code     0  __scatter.o(!!!scatter)
    __scatterload_rt2                        0x080001b5   Thumb Code    44  __scatter.o(!!!scatter)
    __scatterload_rt2_thumb_only             0x080001b5   Thumb Code     0  __scatter.o(!!!scatter)
    __scatterload_null                       0x080001c3   Thumb Code     0  __scatter.o(!!!scatter)
    __scatterload_copy                       0x080001e9   Thumb Code    26  __scatter_copy.o(!!handler_copy)
    __scatterload_zeroinit                   0x08000205   Thumb Code    28  __scatter_zi.o(!!handler_zi)
    __rt_lib_init                            0x08000221   Thumb Code     0  libinit.o(.ARM.Collect$$libinit$$00000000)
    __rt_lib_init_fp_1                       0x08000223   Thumb Code     0  libinit2.o(.ARM.Collect$$libinit$$00000001)
    __rt_lib_init_alloca_1                   0x08000227   Thumb Code     0  libinit2.o(.ARM.Collect$$libinit$$0000002E)
    __rt_lib_init_argv_1                     0x08000227   Thumb Code     0  libinit2.o(.ARM.Collect$$libinit$$0000002C)
    __rt_lib_init_atexit_1                   0x08000227   Thumb Code     0  libinit2.o(.ARM.Collect$$libinit$$0000001B)
    __rt_lib_init_clock_1                    0x08000227   Thumb Code     0  libinit2.o(.ARM.Collect$$libinit$$00000021)
    __rt_lib_init_cpp_1                      0x08000227   Thumb Code     0  libinit2.o(.ARM.Collect$$libinit$$00000032)
    __rt_lib_init_exceptions_1               0x08000227   Thumb Code     0  libinit2.o(.ARM.Collect$$libinit$$00000030)
    __rt_lib_init_fp_trap_1                  0x08000227   Thumb Code     0  libinit2.o(.ARM.Collect$$libinit$$0000001F)
    __rt_lib_init_getenv_1                   0x08000227   Thumb Code     0  libinit2.o(.ARM.Collect$$libinit$$00000023)
    __rt_lib_init_heap_1                     0x08000227   Thumb Code     0  libinit2.o(.ARM.Collect$$libinit$$0000000A)
    __rt_lib_init_lc_collate_1               0x08000227   Thumb Code     0  libinit2.o(.ARM.Collect$$libinit$$00000011)
    __rt_lib_init_lc_ctype_1                 0x08000227   Thumb Code     0  libinit2.o(.ARM.Collect$$libinit$$00000013)
    __rt_lib_init_lc_monetary_1              0x08000227   Thumb Code     0  libinit2.o(.ARM.Collect$$libinit$$00000015)
    __rt_lib_init_lc_numeric_1               0x08000227   Thumb Code     0  libinit2.o(.ARM.Collect$$libinit$$00000017)
    __rt_lib_init_lc_time_1                  0x08000227   Thumb Code     0  libinit2.o(.ARM.Collect$$libinit$$00000019)
    __rt_lib_init_preinit_1                  0x08000227   Thumb Code     0  libinit2.o(.ARM.Collect$$libinit$$00000004)
    __rt_lib_init_rand_1                     0x08000227   Thumb Code     0  libinit2.o(.ARM.Collect$$libinit$$0000000E)
    __rt_lib_init_return                     0x08000227   Thumb Code     0  libinit2.o(.ARM.Collect$$libinit$$00000033)
    __rt_lib_init_signal_1                   0x08000227   Thumb Code     0  libinit2.o(.ARM.Collect$$libinit$$0000001D)
    __rt_lib_init_stdio_1                    0x08000227   Thumb Code     0  libinit2.o(.ARM.Collect$$libinit$$00000025)
    __rt_lib_init_user_alloc_1               0x08000227   Thumb Code     0  libinit2.o(.ARM.Collect$$libinit$$0000000C)
    __rt_lib_shutdown                        0x08000229   Thumb Code     0  libshutdown.o(.ARM.Collect$$libshutdown$$00000000)
    __rt_lib_shutdown_cpp_1                  0x0800022b   Thumb Code     0  libshutdown2.o(.ARM.Collect$$libshutdown$$00000002)
    __rt_lib_shutdown_fp_trap_1              0x0800022b   Thumb Code     0  libshutdown2.o(.ARM.Collect$$libshutdown$$00000007)
    __rt_lib_shutdown_heap_1                 0x0800022b   Thumb Code     0  libshutdown2.o(.ARM.Collect$$libshutdown$$0000000F)
    __rt_lib_shutdown_return                 0x0800022b   Thumb Code     0  libshutdown2.o(.ARM.Collect$$libshutdown$$00000010)
    __rt_lib_shutdown_signal_1               0x0800022b   Thumb Code     0  libshutdown2.o(.ARM.Collect$$libshutdown$$0000000A)
    __rt_lib_shutdown_stdio_1                0x0800022b   Thumb Code     0  libshutdown2.o(.ARM.Collect$$libshutdown$$00000004)
    __rt_lib_shutdown_user_alloc_1           0x0800022b   Thumb Code     0  libshutdown2.o(.ARM.Collect$$libshutdown$$0000000C)
    __rt_entry                               0x0800022d   Thumb Code     0  __rtentry.o(.ARM.Collect$$rtentry$$00000000)
    __rt_entry_presh_1                       0x0800022d   Thumb Code     0  __rtentry2.o(.ARM.Collect$$rtentry$$00000002)
    __rt_entry_sh                            0x0800022d   Thumb Code     0  __rtentry4.o(.ARM.Collect$$rtentry$$00000004)
    __rt_entry_li                            0x08000233   Thumb Code     0  __rtentry2.o(.ARM.Collect$$rtentry$$0000000A)
    __rt_entry_postsh_1                      0x08000233   Thumb Code     0  __rtentry2.o(.ARM.Collect$$rtentry$$00000009)
    __rt_entry_main                          0x08000237   Thumb Code     0  __rtentry2.o(.ARM.Collect$$rtentry$$0000000D)
    __rt_entry_postli_1                      0x08000237   Thumb Code     0  __rtentry2.o(.ARM.Collect$$rtentry$$0000000C)
    __rt_exit                                0x0800023f   Thumb Code     0  rtexit.o(.ARM.Collect$$rtexit$$00000000)
    __rt_exit_ls                             0x08000241   Thumb Code     0  rtexit2.o(.ARM.Collect$$rtexit$$00000003)
    __rt_exit_prels_1                        0x08000241   Thumb Code     0  rtexit2.o(.ARM.Collect$$rtexit$$00000002)
    __rt_exit_exit                           0x08000245   Thumb Code     0  rtexit2.o(.ARM.Collect$$rtexit$$00000004)
    Reset_Handler                            0x0800024d   Thumb Code     8  startup_stm32f429xx.o(.text)
    NMI_Handler                              0x08000255   Thumb Code     2  startup_stm32f429xx.o(.text)
    HardFault_Handler                        0x08000257   Thumb Code     2  startup_stm32f429xx.o(.text)
    MemManage_Handler                        0x08000259   Thumb Code     2  startup_stm32f429xx.o(.text)
    BusFault_Handler                         0x0800025b   Thumb Code     2  startup_stm32f429xx.o(.text)
    UsageFault_Handler                       0x0800025d   Thumb Code     2  startup_stm32f429xx.o(.text)
    SVC_Handler                              0x0800025f   Thumb Code     2  startup_stm32f429xx.o(.text)
    DebugMon_Handler                         0x08000261   Thumb Code     2  startup_stm32f429xx.o(.text)
    PendSV_Handler                           0x08000263   Thumb Code     2  startup_stm32f429xx.o(.text)
    ADC_IRQHandler                           0x08000267   Thumb Code     0  startup_stm32f429xx.o(.text)
    CAN1_RX0_IRQHandler                      0x08000267   Thumb Code     0  startup_stm32f429xx.o(.text)
    CAN1_RX1_IRQHandler                      0x08000267   Thumb Code     0  startup_stm32f429xx.o(.text)
    CAN1_SCE_IRQHandler                      0x08000267   Thumb Code     0  startup_stm32f429xx.o(.text)
    CAN1_TX_IRQHandler                       0x08000267   Thumb Code     0  startup_stm32f429xx.o(.text)
    CAN2_RX0_IRQHandler                      0x08000267   Thumb Code     0  startup_stm32f429xx.o(.text)
    CAN2_RX1_IRQHandler                      0x08000267   Thumb Code     0  startup_stm32f429xx.o(.text)
    CAN2_SCE_IRQHandler                      0x08000267   Thumb Code     0  startup_stm32f429xx.o(.text)
    CAN2_TX_IRQHandler                       0x08000267   Thumb Code     0  startup_stm32f429xx.o(.text)
    DCMI_IRQHandler                          0x08000267   Thumb Code     0  startup_stm32f429xx.o(.text)
    DMA1_Stream0_IRQHandler                  0x08000267   Thumb Code     0  startup_stm32f429xx.o(.text)
    DMA1_Stream1_IRQHandler                  0x08000267   Thumb Code     0  startup_stm32f429xx.o(.text)
    DMA1_Stream2_IRQHandler                  0x08000267   Thumb Code     0  startup_stm32f429xx.o(.text)
    DMA1_Stream3_IRQHandler                  0x08000267   Thumb Code     0  startup_stm32f429xx.o(.text)
    DMA1_Stream4_IRQHandler                  0x08000267   Thumb Code     0  startup_stm32f429xx.o(.text)
    DMA1_Stream5_IRQHandler                  0x08000267   Thumb Code     0  startup_stm32f429xx.o(.text)
    DMA1_Stream6_IRQHandler                  0x08000267   Thumb Code     0  startup_stm32f429xx.o(.text)
    DMA1_Stream7_IRQHandler                  0x08000267   Thumb Code     0  startup_stm32f429xx.o(.text)
    DMA2D_IRQHandler                         0x08000267   Thumb Code     0  startup_stm32f429xx.o(.text)
    DMA2_Stream0_IRQHandler                  0x08000267   Thumb Code     0  startup_stm32f429xx.o(.text)
    DMA2_Stream1_IRQHandler                  0x08000267   Thumb Code     0  startup_stm32f429xx.o(.text)
    DMA2_Stream2_IRQHandler                  0x08000267   Thumb Code     0  startup_stm32f429xx.o(.text)
    DMA2_Stream3_IRQHandler                  0x08000267   Thumb Code     0  startup_stm32f429xx.o(.text)
    DMA2_Stream4_IRQHandler                  0x08000267   Thumb Code     0  startup_stm32f429xx.o(.text)
    DMA2_Stream5_IRQHandler                  0x08000267   Thumb Code     0  startup_stm32f429xx.o(.text)
    DMA2_Stream6_IRQHandler                  0x08000267   Thumb Code     0  startup_stm32f429xx.o(.text)
    DMA2_Stream7_IRQHandler                  0x08000267   Thumb Code     0  startup_stm32f429xx.o(.text)
    ETH_IRQHandler                           0x08000267   Thumb Code     0  startup_stm32f429xx.o(.text)
    ETH_WKUP_IRQHandler                      0x08000267   Thumb Code     0  startup_stm32f429xx.o(.text)
    EXTI15_10_IRQHandler                     0x08000267   Thumb Code     0  startup_stm32f429xx.o(.text)
    EXTI1_IRQHandler                         0x08000267   Thumb Code     0  startup_stm32f429xx.o(.text)
    EXTI2_IRQHandler                         0x08000267   Thumb Code     0  startup_stm32f429xx.o(.text)
    EXTI3_IRQHandler                         0x08000267   Thumb Code     0  startup_stm32f429xx.o(.text)
    EXTI4_IRQHandler                         0x08000267   Thumb Code     0  startup_stm32f429xx.o(.text)
    EXTI9_5_IRQHandler                       0x08000267   Thumb Code     0  startup_stm32f429xx.o(.text)
    FLASH_IRQHandler                         0x08000267   Thumb Code     0  startup_stm32f429xx.o(.text)
    FMC_IRQHandler                           0x08000267   Thumb Code     0  startup_stm32f429xx.o(.text)
    FPU_IRQHandler                           0x08000267   Thumb Code     0  startup_stm32f429xx.o(.text)
    HASH_RNG_IRQHandler                      0x08000267   Thumb Code     0  startup_stm32f429xx.o(.text)
    I2C1_ER_IRQHandler                       0x08000267   Thumb Code     0  startup_stm32f429xx.o(.text)
    I2C1_EV_IRQHandler                       0x08000267   Thumb Code     0  startup_stm32f429xx.o(.text)
    I2C2_ER_IRQHandler                       0x08000267   Thumb Code     0  startup_stm32f429xx.o(.text)
    I2C2_EV_IRQHandler                       0x08000267   Thumb Code     0  startup_stm32f429xx.o(.text)
    I2C3_ER_IRQHandler                       0x08000267   Thumb Code     0  startup_stm32f429xx.o(.text)
    I2C3_EV_IRQHandler                       0x08000267   Thumb Code     0  startup_stm32f429xx.o(.text)
    LTDC_ER_IRQHandler                       0x08000267   Thumb Code     0  startup_stm32f429xx.o(.text)
    LTDC_IRQHandler                          0x08000267   Thumb Code     0  startup_stm32f429xx.o(.text)
    OTG_FS_IRQHandler                        0x08000267   Thumb Code     0  startup_stm32f429xx.o(.text)
    OTG_FS_WKUP_IRQHandler                   0x08000267   Thumb Code     0  startup_stm32f429xx.o(.text)
    OTG_HS_EP1_IN_IRQHandler                 0x08000267   Thumb Code     0  startup_stm32f429xx.o(.text)
    OTG_HS_EP1_OUT_IRQHandler                0x08000267   Thumb Code     0  startup_stm32f429xx.o(.text)
    OTG_HS_IRQHandler                        0x08000267   Thumb Code     0  startup_stm32f429xx.o(.text)
    OTG_HS_WKUP_IRQHandler                   0x08000267   Thumb Code     0  startup_stm32f429xx.o(.text)
    PVD_IRQHandler                           0x08000267   Thumb Code     0  startup_stm32f429xx.o(.text)
    RCC_IRQHandler                           0x08000267   Thumb Code     0  startup_stm32f429xx.o(.text)
    RTC_Alarm_IRQHandler                     0x08000267   Thumb Code     0  startup_stm32f429xx.o(.text)
    RTC_WKUP_IRQHandler                      0x08000267   Thumb Code     0  startup_stm32f429xx.o(.text)
    SAI1_IRQHandler                          0x08000267   Thumb Code     0  startup_stm32f429xx.o(.text)
    SDIO_IRQHandler                          0x08000267   Thumb Code     0  startup_stm32f429xx.o(.text)
    SPI2_IRQHandler                          0x08000267   Thumb Code     0  startup_stm32f429xx.o(.text)
    SPI3_IRQHandler                          0x08000267   Thumb Code     0  startup_stm32f429xx.o(.text)
    SPI4_IRQHandler                          0x08000267   Thumb Code     0  startup_stm32f429xx.o(.text)
    SPI5_IRQHandler                          0x08000267   Thumb Code     0  startup_stm32f429xx.o(.text)
    SPI6_IRQHandler                          0x08000267   Thumb Code     0  startup_stm32f429xx.o(.text)
    TAMP_STAMP_IRQHandler                    0x08000267   Thumb Code     0  startup_stm32f429xx.o(.text)
    TIM1_BRK_TIM9_IRQHandler                 0x08000267   Thumb Code     0  startup_stm32f429xx.o(.text)
    TIM1_CC_IRQHandler                       0x08000267   Thumb Code     0  startup_stm32f429xx.o(.text)
    TIM1_TRG_COM_TIM11_IRQHandler            0x08000267   Thumb Code     0  startup_stm32f429xx.o(.text)
    TIM1_UP_TIM10_IRQHandler                 0x08000267   Thumb Code     0  startup_stm32f429xx.o(.text)
    TIM2_IRQHandler                          0x08000267   Thumb Code     0  startup_stm32f429xx.o(.text)
    TIM3_IRQHandler                          0x08000267   Thumb Code     0  startup_stm32f429xx.o(.text)
    TIM4_IRQHandler                          0x08000267   Thumb Code     0  startup_stm32f429xx.o(.text)
    TIM5_IRQHandler                          0x08000267   Thumb Code     0  startup_stm32f429xx.o(.text)
    TIM6_DAC_IRQHandler                      0x08000267   Thumb Code     0  startup_stm32f429xx.o(.text)
    TIM7_IRQHandler                          0x08000267   Thumb Code     0  startup_stm32f429xx.o(.text)
    TIM8_BRK_TIM12_IRQHandler                0x08000267   Thumb Code     0  startup_stm32f429xx.o(.text)
    TIM8_CC_IRQHandler                       0x08000267   Thumb Code     0  startup_stm32f429xx.o(.text)
    TIM8_TRG_COM_TIM14_IRQHandler            0x08000267   Thumb Code     0  startup_stm32f429xx.o(.text)
    TIM8_UP_TIM13_IRQHandler                 0x08000267   Thumb Code     0  startup_stm32f429xx.o(.text)
    UART4_IRQHandler                         0x08000267   Thumb Code     0  startup_stm32f429xx.o(.text)
    UART5_IRQHandler                         0x08000267   Thumb Code     0  startup_stm32f429xx.o(.text)
    UART7_IRQHandler                         0x08000267   Thumb Code     0  startup_stm32f429xx.o(.text)
    UART8_IRQHandler                         0x08000267   Thumb Code     0  startup_stm32f429xx.o(.text)
    USART1_IRQHandler                        0x08000267   Thumb Code     0  startup_stm32f429xx.o(.text)
    USART2_IRQHandler                        0x08000267   Thumb Code     0  startup_stm32f429xx.o(.text)
    USART3_IRQHandler                        0x08000267   Thumb Code     0  startup_stm32f429xx.o(.text)
    USART6_IRQHandler                        0x08000267   Thumb Code     0  startup_stm32f429xx.o(.text)
    WWDG_IRQHandler                          0x08000267   Thumb Code     0  startup_stm32f429xx.o(.text)
    __user_initial_stackheap                 0x08000269   Thumb Code     0  startup_stm32f429xx.o(.text)
    __aeabi_memcpy4                          0x0800028d   Thumb Code     0  rt_memcpy_w.o(.text)
    __aeabi_memcpy8                          0x0800028d   Thumb Code     0  rt_memcpy_w.o(.text)
    __rt_memcpy_w                            0x0800028d   Thumb Code   100  rt_memcpy_w.o(.text)
    _memcpy_lastbytes_aligned                0x080002d5   Thumb Code     0  rt_memcpy_w.o(.text)
    __use_two_region_memory                  0x080002f1   Thumb Code     2  heapauxi.o(.text)
    __rt_heap_escrow$2region                 0x080002f3   Thumb Code     2  heapauxi.o(.text)
    __rt_heap_expand$2region                 0x080002f5   Thumb Code     2  heapauxi.o(.text)
    __user_setup_stackheap                   0x080002f7   Thumb Code    74  sys_stackheap_outer.o(.text)
    exit                                     0x08000341   Thumb Code    18  exit.o(.text)
    __user_libspace                          0x08000355   Thumb Code     8  libspace.o(.text)
    __user_perproc_libspace                  0x08000355   Thumb Code     0  libspace.o(.text)
    __user_perthread_libspace                0x08000355   Thumb Code     0  libspace.o(.text)
    _sys_exit                                0x0800035d   Thumb Code     8  sys_exit.o(.text)
    __I$use$semihosting                      0x08000369   Thumb Code     0  use_no_semi.o(.text)
    __use_no_semihosting_swi                 0x08000369   Thumb Code     2  use_no_semi.o(.text)
    __semihosting_library_function           0x0800036b   Thumb Code     0  indicate_semi.o(.text)
    ClearPendingInterrupt                    0x0800036d   Thumb Code    28  stm32f4_gpio.o(i.ClearPendingInterrupt)
    CommInit                                 0x0800038d   Thumb Code    90  spi_master.o(i.CommInit)
    ConfigureGPIOInterrupt                   0x080003f5   Thumb Code    92  stm32f4_gpio.o(i.ConfigureGPIOInterrupt)
    EXTI0_IRQHandler                         0x08000455   Thumb Code    16  spi_master.o(i.EXTI0_IRQHandler)
    EnableGPIOInterrupt                      0x08000469   Thumb Code    40  stm32f4_gpio.o(i.EnableGPIOInterrupt)
    GpioInit                                 0x08000495   Thumb Code    58  stm32f4_gpio.o(i.GpioInit)
    GpioReadPin                              0x080004cf   Thumb Code    12  stm32f4_gpio.o(i.GpioReadPin)
    GpioWritePin                             0x080004db   Thumb Code    28  stm32f4_gpio.o(i.GpioWritePin)
    PinInit                                  0x080004f9   Thumb Code    82  spi_master.o(i.PinInit)
    SPI1_IRQHandler                          0x08000555   Thumb Code    10  spi_master.o(i.SPI1_IRQHandler)
    SPIMasterTransmit                        0x0800061b   Thumb Code    32  stm32f4_spi.o(i.SPIMasterTransmit)
    SPI_InterruptHandler                     0x08000703   Thumb Code    56  stm32f4_spi.o(i.SPI_InterruptHandler)
    SPIinit                                  0x0800073b   Thumb Code   140  stm32f4_spi.o(i.SPIinit)
    SysTick_Handler                          0x0800082d   Thumb Code    12  spi_master.o(i.SysTick_Handler)
    SystemInit                               0x0800083d   Thumb Code    82  system_stm32f4xx.o(i.SystemInit)
    delay                                    0x080008a1   Thumb Code    20  spi_master.o(i.delay)
    ledInit                                  0x080008b9   Thumb Code   102  spi_master.o(i.ledInit)
    main                                     0x0800092d   Thumb Code   272  spi_master.o(i.main)
    toggle                                   0x08000a81   Thumb Code    50  spi_master.o(i.toggle)
    _fp_init                                 0x08000ab9   Thumb Code    10  fpinit.o(x$fpl$fpinit)
    __fplib_config_fpu_vfp                   0x08000ac1   Thumb Code     0  fpinit.o(x$fpl$fpinit)
    __fplib_config_pureend_doubles           0x08000ac1   Thumb Code     0  fpinit.o(x$fpl$fpinit)
    Region$$Table$$Base                      0x08000ac4   Number         0  anon$$obj.o(Region$$Table)
    Region$$Table$$Limit                     0x08000ae4   Number         0  anon$$obj.o(Region$$Table)
    check                                    0x20000000   Data           1  spi_master.o(.data)
    time                                     0x20000004   Data           4  spi_master.o(.data)
    SystemCoreClock                          0x20000008   Data           4  system_stm32f4xx.o(.data)
    Tasker                                   0x2000000c   Data          32  spi_master.o(.bss)
    __libspace_start                         0x2000002c   Data          96  libspace.o(.bss)
    __temporary_stack_top$libspace           0x2000008c   Data           0  libspace.o(.bss)



==============================================================================

Memory Map of the image

  Image Entry point : 0x0800024d

  Load Region LR_1 (Base: 0x08000000, Size: 0x00000af0, Max: 0xffffffff, ABSOLUTE)

    Execution Region ER_RO (Base: 0x08000000, Size: 0x00000ae4, Max: 0xffffffff, ABSOLUTE)

    Base Addr    Size         Type   Attr      Idx    E Section Name        Object

    0x08000000   0x000001ac   Data   RO          326    RESET               startup_stm32f429xx.o
    0x080001ac   0x00000008   Code   RO          381  * !!!main             c_w.l(__main.o)
    0x080001b4   0x00000034   Code   RO          538    !!!scatter          c_w.l(__scatter.o)
    0x080001e8   0x0000001a   Code   RO          540    !!handler_copy      c_w.l(__scatter_copy.o)
    0x08000202   0x00000002   PAD
    0x08000204   0x0000001c   Code   RO          542    !!handler_zi        c_w.l(__scatter_zi.o)
    0x08000220   0x00000002   Code   RO          408    .ARM.Collect$$libinit$$00000000  c_w.l(libinit.o)
    0x08000222   0x00000004   Code   RO          414    .ARM.Collect$$libinit$$00000001  c_w.l(libinit2.o)
    0x08000226   0x00000000   Code   RO          417    .ARM.Collect$$libinit$$00000004  c_w.l(libinit2.o)
    0x08000226   0x00000000   Code   RO          420    .ARM.Collect$$libinit$$0000000A  c_w.l(libinit2.o)
    0x08000226   0x00000000   Code   RO          422    .ARM.Collect$$libinit$$0000000C  c_w.l(libinit2.o)
    0x08000226   0x00000000   Code   RO          424    .ARM.Collect$$libinit$$0000000E  c_w.l(libinit2.o)
    0x08000226   0x00000000   Code   RO          427    .ARM.Collect$$libinit$$00000011  c_w.l(libinit2.o)
    0x08000226   0x00000000   Code   RO          429    .ARM.Collect$$libinit$$00000013  c_w.l(libinit2.o)
    0x08000226   0x00000000   Code   RO          431    .ARM.Collect$$libinit$$00000015  c_w.l(libinit2.o)
    0x08000226   0x00000000   Code   RO          433    .ARM.Collect$$libinit$$00000017  c_w.l(libinit2.o)
    0x08000226   0x00000000   Code   RO          435    .ARM.Collect$$libinit$$00000019  c_w.l(libinit2.o)
    0x08000226   0x00000000   Code   RO          437    .ARM.Collect$$libinit$$0000001B  c_w.l(libinit2.o)
    0x08000226   0x00000000   Code   RO          439    .ARM.Collect$$libinit$$0000001D  c_w.l(libinit2.o)
    0x08000226   0x00000000   Code   RO          441    .ARM.Collect$$libinit$$0000001F  c_w.l(libinit2.o)
    0x08000226   0x00000000   Code   RO          443    .ARM.Collect$$libinit$$00000021  c_w.l(libinit2.o)
    0x08000226   0x00000000   Code   RO          445    .ARM.Collect$$libinit$$00000023  c_w.l(libinit2.o)
    0x08000226   0x00000000   Code   RO          447    .ARM.Collect$$libinit$$00000025  c_w.l(libinit2.o)
    0x08000226   0x00000000   Code   RO          451    .ARM.Collect$$libinit$$0000002C  c_w.l(libinit2.o)
    0x08000226   0x00000000   Code   RO          453    .ARM.Collect$$libinit$$0000002E  c_w.l(libinit2.o)
    0x08000226   0x00000000   Code   RO          455    .ARM.Collect$$libinit$$00000030  c_w.l(libinit2.o)
    0x08000226   0x00000000   Code   RO          457    .ARM.Collect$$libinit$$00000032  c_w.l(libinit2.o)
    0x08000226   0x00000002   Code   RO          458    .ARM.Collect$$libinit$$00000033  c_w.l(libinit2.o)
    0x08000228   0x00000002   Code   RO          478    .ARM.Collect$$libshutdown$$00000000  c_w.l(libshutdown.o)
    0x0800022a   0x00000000   Code   RO          491    .ARM.Collect$$libshutdown$$00000002  c_w.l(libshutdown2.o)
    0x0800022a   0x00000000   Code   RO          493    .ARM.Collect$$libshutdown$$00000004  c_w.l(libshutdown2.o)
    0x0800022a   0x00000000   Code   RO          496    .ARM.Collect$$libshutdown$$00000007  c_w.l(libshutdown2.o)
    0x0800022a   0x00000000   Code   RO          499    .ARM.Collect$$libshutdown$$0000000A  c_w.l(libshutdown2.o)
    0x0800022a   0x00000000   Code   RO          501    .ARM.Collect$$libshutdown$$0000000C  c_w.l(libshutdown2.o)
    0x0800022a   0x00000000   Code   RO          504    .ARM.Collect$$libshutdown$$0000000F  c_w.l(libshutdown2.o)
    0x0800022a   0x00000002   Code   RO          505    .ARM.Collect$$libshutdown$$00000010  c_w.l(libshutdown2.o)
    0x0800022c   0x00000000   Code   RO          383    .ARM.Collect$$rtentry$$00000000  c_w.l(__rtentry.o)
    0x0800022c   0x00000000   Code   RO          385    .ARM.Collect$$rtentry$$00000002  c_w.l(__rtentry2.o)
    0x0800022c   0x00000006   Code   RO          397    .ARM.Collect$$rtentry$$00000004  c_w.l(__rtentry4.o)
    0x08000232   0x00000000   Code   RO          387    .ARM.Collect$$rtentry$$00000009  c_w.l(__rtentry2.o)
    0x08000232   0x00000004   Code   RO          388    .ARM.Collect$$rtentry$$0000000A  c_w.l(__rtentry2.o)
    0x08000236   0x00000000   Code   RO          390    .ARM.Collect$$rtentry$$0000000C  c_w.l(__rtentry2.o)
    0x08000236   0x00000008   Code   RO          391    .ARM.Collect$$rtentry$$0000000D  c_w.l(__rtentry2.o)
    0x0800023e   0x00000002   Code   RO          412    .ARM.Collect$$rtexit$$00000000  c_w.l(rtexit.o)
    0x08000240   0x00000000   Code   RO          460    .ARM.Collect$$rtexit$$00000002  c_w.l(rtexit2.o)
    0x08000240   0x00000004   Code   RO          461    .ARM.Collect$$rtexit$$00000003  c_w.l(rtexit2.o)
    0x08000244   0x00000006   Code   RO          462    .ARM.Collect$$rtexit$$00000004  c_w.l(rtexit2.o)
    0x0800024a   0x00000002   PAD
    0x0800024c   0x00000040   Code   RO          327  * .text               startup_stm32f429xx.o
    0x0800028c   0x00000064   Code   RO          377    .text               c_w.l(rt_memcpy_w.o)
    0x080002f0   0x00000006   Code   RO          379    .text               c_w.l(heapauxi.o)
    0x080002f6   0x0000004a   Code   RO          399    .text               c_w.l(sys_stackheap_outer.o)
    0x08000340   0x00000012   Code   RO          401    .text               c_w.l(exit.o)
    0x08000352   0x00000002   PAD
    0x08000354   0x00000008   Code   RO          409    .text               c_w.l(libspace.o)
    0x0800035c   0x0000000c   Code   RO          470    .text               c_w.l(sys_exit.o)
    0x08000368   0x00000002   Code   RO          481    .text               c_w.l(use_no_semi.o)
    0x0800036a   0x00000000   Code   RO          483    .text               c_w.l(indicate_semi.o)
    0x0800036a   0x00000002   PAD
    0x0800036c   0x00000020   Code   RO            4    i.ClearPendingInterrupt  stm32f4_gpio.o
    0x0800038c   0x00000068   Code   RO          247    i.CommInit          spi_master.o
    0x080003f4   0x00000060   Code   RO            5    i.ConfigureGPIOInterrupt  stm32f4_gpio.o
    0x08000454   0x00000014   Code   RO          248    i.EXTI0_IRQHandler  spi_master.o
    0x08000468   0x0000002c   Code   RO            6    i.EnableGPIOInterrupt  stm32f4_gpio.o
    0x08000494   0x0000003a   Code   RO            7    i.GpioInit          stm32f4_gpio.o
    0x080004ce   0x0000000c   Code   RO            8    i.GpioReadPin       stm32f4_gpio.o
    0x080004da   0x0000001c   Code   RO            9    i.GpioWritePin      stm32f4_gpio.o
    0x080004f6   0x00000002   PAD
    0x080004f8   0x0000005c   Code   RO          249    i.PinInit           spi_master.o
    0x08000554   0x00000010   Code   RO          250    i.SPI1_IRQHandler   spi_master.o
    0x08000564   0x0000000a   Code   RO          115    i.SPICRCDisable     stm32f4_spi.o
    0x0800056e   0x0000000a   Code   RO          116    i.SPICRCEnable      stm32f4_spi.o
    0x08000578   0x00000010   Code   RO          117    i.SPIConfigBaud     stm32f4_spi.o
    0x08000588   0x00000026   Code   RO          118    i.SPIConfigClock    stm32f4_spi.o
    0x080005ae   0x00000016   Code   RO          119    i.SPIConfigCommMode  stm32f4_spi.o
    0x080005c4   0x00000028   Code   RO          120    i.SPIConfigData     stm32f4_spi.o
    0x080005ec   0x00000008   Code   RO          121    i.SPIConfigPosition  stm32f4_spi.o
    0x080005f4   0x0000001c   Code   RO          122    i.SPIConfigSlaveManagement  stm32f4_spi.o
    0x08000610   0x0000000a   Code   RO          123    i.SPIEnable         stm32f4_spi.o
    0x0800061a   0x00000020   Code   RO          125    i.SPIMasterTransmit  stm32f4_spi.o
    0x0800063a   0x0000000a   Code   RO          126    i.SPIRXIDisable     stm32f4_spi.o
    0x08000644   0x00000054   Code   RO          128    i.SPIRxHandler      stm32f4_spi.o
    0x08000698   0x0000000a   Code   RO          131    i.SPITXIDisable     stm32f4_spi.o
    0x080006a2   0x0000000a   Code   RO          132    i.SPITXIEnable      stm32f4_spi.o
    0x080006ac   0x00000056   Code   RO          133    i.SPITxHandler      stm32f4_spi.o
    0x08000702   0x00000038   Code   RO          134    i.SPI_InterruptHandler  stm32f4_spi.o
    0x0800073a   0x0000008c   Code   RO          135    i.SPIinit           stm32f4_spi.o
    0x080007c6   0x00000026   Code   RO           10    i.SetAlternate      stm32f4_gpio.o
    0x080007ec   0x00000010   Code   RO           11    i.SetMode           stm32f4_gpio.o
    0x080007fc   0x0000000e   Code   RO           12    i.SetOType          stm32f4_gpio.o
    0x0800080a   0x00000010   Code   RO           13    i.SetPullState      stm32f4_gpio.o
    0x0800081a   0x00000010   Code   RO           14    i.SetSpeed          stm32f4_gpio.o
    0x0800082a   0x00000002   PAD
    0x0800082c   0x00000010   Code   RO          251    i.SysTick_Handler   spi_master.o
    0x0800083c   0x00000064   Code   RO          335    i.SystemInit        system_stm32f4xx.o
    0x080008a0   0x00000018   Code   RO          252    i.delay             spi_master.o
    0x080008b8   0x00000074   Code   RO          253    i.ledInit           spi_master.o
    0x0800092c   0x00000154   Code   RO          254    i.main              spi_master.o
    0x08000a80   0x00000038   Code   RO          255    i.toggle            spi_master.o
    0x08000ab8   0x0000000a   Code   RO          468    x$fpl$fpinit        fz_wm.l(fpinit.o)
    0x08000ac2   0x00000002   PAD
    0x08000ac4   0x00000020   Data   RO          536    Region$$Table       anon$$obj.o


    Execution Region ER_RW (Base: 0x20000000, Size: 0x0000000c, Max: 0xffffffff, ABSOLUTE)

    Base Addr    Size         Type   Attr      Idx    E Section Name        Object

    0x20000000   0x00000008   Data   RW          257    .data               spi_master.o
    0x20000008   0x00000004   Data   RW          337    .data               system_stm32f4xx.o


    Execution Region ER_ZI (Base: 0x2000000c, Size: 0x00000684, Max: 0xffffffff, ABSOLUTE)

    Base Addr    Size         Type   Attr      Idx    E Section Name        Object

    0x2000000c   0x00000020   Zero   RW          256    .bss                spi_master.o
    0x2000002c   0x00000060   Zero   RW          410    .bss                c_w.l(libspace.o)
    0x2000008c   0x00000004   PAD
    0x20000090   0x00000200   Zero   RW          325    HEAP                startup_stm32f429xx.o
    0x20000290   0x00000400   Zero   RW          324    STACK               startup_stm32f429xx.o


==============================================================================

Image component sizes


      Code (inc. data)   RO Data    RW Data    ZI Data      Debug   Object Name

       784        130          0          8         32      32289   spi_master.o
        64         26        428          0       1536        844   startup_stm32f429xx.o
       370         12          0          0          0     643150   stm32f4_gpio.o
       610          0          0          0          0      13417   stm32f4_spi.o
       100         18          0          4          0       1291   system_stm32f4xx.o

    ----------------------------------------------------------------------
      1932        186        460         12       1568     690991   Object Totals
         0          0         32          0          0          0   (incl. Generated)
         4          0          0          0          0          0   (incl. Padding)

    ----------------------------------------------------------------------

      Code (inc. data)   RO Data    RW Data    ZI Data      Debug   Library Member Name

         8          0          0          0          0         68   __main.o
         0          0          0          0          0          0   __rtentry.o
        12          0          0          0          0          0   __rtentry2.o
         6          0          0          0          0          0   __rtentry4.o
        52          8          0          0          0          0   __scatter.o
        26          0          0          0          0          0   __scatter_copy.o
        28          0          0          0          0          0   __scatter_zi.o
        18          0          0          0          0         80   exit.o
         6          0          0          0          0        152   heapauxi.o
         0          0          0          0          0          0   indicate_semi.o
         2          0          0          0          0          0   libinit.o
         6          0          0          0          0          0   libinit2.o
         2          0          0          0          0          0   libshutdown.o
         2          0          0          0          0          0   libshutdown2.o
         8          4          0          0         96         68   libspace.o
       100          0          0          0          0         80   rt_memcpy_w.o
         2          0          0          0          0          0   rtexit.o
        10          0          0          0          0          0   rtexit2.o
        12          4          0          0          0         68   sys_exit.o
        74          0          0          0          0         80   sys_stackheap_outer.o
         2          0          0          0          0         68   use_no_semi.o
        10          0          0          0          0        116   fpinit.o

    ----------------------------------------------------------------------
       396         16          0          0        100        780   Library Totals
        10          0          0          0          4          0   (incl. Padding)

    ----------------------------------------------------------------------

      Code (inc. data)   RO Data    RW Data    ZI Data      Debug   Library Name

       376         16          0          0         96        664   c_w.l
        10          0          0          0          0        116   fz_wm.l

    ----------------------------------------------------------------------
       396         16          0          0        100        780   Library Totals

    ----------------------------------------------------------------------

==============================================================================


      Code (inc. data)   RO Data    RW Data    ZI Data      Debug   

      2328        202        460         12       1668     688163   Grand Totals
      2328        202        460         12       1668     688163   ELF Image Totals
      2328        202        460         12          0          0   ROM Totals

==============================================================================

    Total RO  Size (Code + RO Data)                 2788 (   2.72kB)
    Total RW  Size (RW Data + ZI Data)              1680 (   1.64kB)
    Total ROM Size (Code + RO Data + RW Data)       2800 (   2.73kB)

==============================================================================

